╔══════════════════════════════════════════════════════════════╗
║   VAIXLNS CONTINUOUS EVOLUTION — Self-Sustaining Cycle     ║
╚══════════════════════════════════════════════════════════════╝

📊 Starting Continuous Evolution Cycle
   Max iterations: 3
   Log directory: evolution_logs/

━━━━━━━━━━━━━━━━━━━━━━━━━━━━━━━━━━━━━━━━━━━━━━━━━━━━━━━━━━━━━━
🔄 Iteration 1 of 3
━━━━━━━━━━━━━━━━━━━━━━━━━━━━━━━━━━━━━━━━━━━━━━━━━━━━━━━━━━━━━━
🔨 Building...
    Finished `release` profile [optimized] target(s) in 0.02s
🧬 Evolving...
    Finished `release` profile [optimized] target(s) in 0.02s
     Running `target/release/vaixlns-builder VAIXLNS_ROOT.lns output/evolved_001.rs`
╔════════════════════════════════════════════╗
║   VAIXLNS Builder v0.1 - Bootstrap        ║
╚════════════════════════════════════════════╝

✅ Loaded VAIXLNS_ROOT.lns (854 bytes)

🔍 Lexer: 68 tokens found

✅ Parser: 6 declarations parsed
      1: Meta
      2: Domain
      3: Domain
      4: Entity
      5: Entity
      6: Relation

📐 Building Canonical IR...
   ✅ IR built successfully
   📊 Entities: 2
   📊 Relations: 1

🔬 Validating IR...
   ✅ IR validation passed

📊 Building dependency graph...
   ✅ 2 nodes, 1 edges
   ✅ Graph is acyclic (DAG)

📐 Topological sort...
   ✅ 2 nodes sorted

📋 Creating Build Plan...
   ✅ Build plan validated
   📊 Total phases: 2
      Phase 0: Kernel (1 nodes)
      Phase 1: Runtime (1 nodes)

⚙️  Generating code...
   ✅ Generated code saved to output/evolved_001.rs (6134 bytes)

📜 Creating Evidence...
   ✅ Evidence created and finalized

🚪 Running Finality Gate...

╔════════════════════════════════════════════╗
║           EVIDENCE REPORT                ║
╚════════════════════════════════════════════╝

Builder:      0.1.0
Timestamp:    1788805424
Spec Hash:    000002e6d79af14a
AST Hash:     0000000406d39a06
IR Hash:      0000000195fd757c
Plan Hash:    00000001755be01a
Artifact Hash: 000014d7971cf2aa
Compiler:     PASS
Tests:        10 passed, 0 failed
Formal Proof: VERIFIED
Evidence Root: 0e60ad8459f48bda
Finality:     FINALIZED


╔════════════════════════════════════════════╗
║           FINALITY GATE                  ║
╚════════════════════════════════════════════╝

Specification:      ✅ PASS
Parsing:            ✅ PASS
Semantic:           ✅ PASS
Dependency Graph:   ✅ PASS
Acyclicity:         ✅ PASS
Build Plan:         ✅ PASS
Generation:         ✅ PASS
Determinism:        ✅ PASS
Compilation:        ✅ PASS
Tests:              ✅ PASS
Formal Proof:       ✅ PASS
Evidence:           ✅ PASS
Finality:           ✅ PASS

✅ GENESIS = FINALIZED

╔════════════════════════════════════════════╗
║         🎉 GENESIS COMPLETE! 🎉          ║
║   All checks passed.                     ║
║   System is FINALIZED.                   ║
╚════════════════════════════════════════════╝

📦 VAIXLNS Builder is ready!
   📁 Spec: VAIXLNS_ROOT.lns
   📁 Output: output/evolved_001.rs
✅ Iteration 1: SUCCESSFUL
   📊 Entities: Entities:
   📊 Relations: Relations:
   📊 Phases: phases:
   📊 Bytes: output/evolved_001.rs

📊 Progress: 1/3
   ✅ Successful: 1
   ❌ Failed: 0

━━━━━━━━━━━━━━━━━━━━━━━━━━━━━━━━━━━━━━━━━━━━━━━━━━━━━━━━━━━━━━
🔄 Iteration 2 of 3
━━━━━━━━━━━━━━━━━━━━━━━━━━━━━━━━━━━━━━━━━━━━━━━━━━━━━━━━━━━━━━
🔨 Building...
    Finished `release` profile [optimized] target(s) in 0.02s
🧬 Evolving...
    Finished `release` profile [optimized] target(s) in 0.02s
     Running `target/release/vaixlns-builder VAIXLNS_ROOT.lns output/evolved_002.rs`
╔════════════════════════════════════════════╗
║   VAIXLNS Builder v0.1 - Bootstrap        ║
╚════════════════════════════════════════════╝

✅ Loaded VAIXLNS_ROOT.lns (854 bytes)

🔍 Lexer: 68 tokens found

✅ Parser: 6 declarations parsed
      1: Meta
      2: Domain
      3: Domain
      4: Entity
      5: Entity
      6: Relation

📐 Building Canonical IR...
   ✅ IR built successfully
   📊 Entities: 2
   📊 Relations: 1

🔬 Validating IR...
   ✅ IR validation passed

📊 Building dependency graph...
   ✅ 2 nodes, 1 edges
   ✅ Graph is acyclic (DAG)

📐 Topological sort...
   ✅ 2 nodes sorted

📋 Creating Build Plan...
   ✅ Build plan validated
   📊 Total phases: 2
      Phase 0: Kernel (1 nodes)
      Phase 1: Runtime (1 nodes)

⚙️  Generating code...
   ✅ Generated code saved to output/evolved_002.rs (6134 bytes)

📜 Creating Evidence...
   ✅ Evidence created and finalized

🚪 Running Finality Gate...

╔════════════════════════════════════════════╗
║           EVIDENCE REPORT                ║
╚════════════════════════════════════════════╝

Builder:      0.1.0
Timestamp:    1788805425
Spec Hash:    000002e6d79af14a
AST Hash:     0000000406d39a06
IR Hash:      0000000195fd757c
Plan Hash:    00000001755be01a
Artifact Hash: 000014d7971cf2aa
Compiler:     PASS
Tests:        10 passed, 0 failed
Formal Proof: VERIFIED
Evidence Root: 0e60ad8459f48bda
Finality:     FINALIZED


╔════════════════════════════════════════════╗
║           FINALITY GATE                  ║
╚════════════════════════════════════════════╝

Specification:      ✅ PASS
Parsing:            ✅ PASS
Semantic:           ✅ PASS
Dependency Graph:   ✅ PASS
Acyclicity:         ✅ PASS
Build Plan:         ✅ PASS
Generation:         ✅ PASS
Determinism:        ✅ PASS
Compilation:        ✅ PASS
Tests:              ✅ PASS
Formal Proof:       ✅ PASS
Evidence:           ✅ PASS
Finality:           ✅ PASS

✅ GENESIS = FINALIZED

╔════════════════════════════════════════════╗
║         🎉 GENESIS COMPLETE! 🎉          ║
║   All checks passed.                     ║
║   System is FINALIZED.                   ║
╚════════════════════════════════════════════╝

📦 VAIXLNS Builder is ready!
   📁 Spec: VAIXLNS_ROOT.lns
   📁 Output: output/evolved_002.rs
✅ Iteration 2: SUCCESSFUL
   📊 Entities: Entities:
   📊 Relations: Relations:
   📊 Phases: phases:
   📊 Bytes: output/evolved_002.rs

📊 Progress: 2/3
   ✅ Successful: 2
   ❌ Failed: 0

━━━━━━━━━━━━━━━━━━━━━━━━━━━━━━━━━━━━━━━━━━━━━━━━━━━━━━━━━━━━━━
🔄 Iteration 3 of 3
━━━━━━━━━━━━━━━━━━━━━━━━━━━━━━━━━━━━━━━━━━━━━━━━━━━━━━━━━━━━━━
🔨 Building...
    Finished `release` profile [optimized] target(s) in 0.02s
🧬 Evolving...
    Finished `release` profile [optimized] target(s) in 0.02s
     Running `target/release/vaixlns-builder VAIXLNS_ROOT.lns output/evolved_003.rs`
╔════════════════════════════════════════════╗
║   VAIXLNS Builder v0.1 - Bootstrap        ║
╚════════════════════════════════════════════╝

✅ Loaded VAIXLNS_ROOT.lns (854 bytes)

🔍 Lexer: 68 tokens found

✅ Parser: 6 declarations parsed
      1: Meta
      2: Domain
      3: Domain
      4: Entity
      5: Entity
      6: Relation

📐 Building Canonical IR...
   ✅ IR built successfully
   📊 Entities: 2
   📊 Relations: 1

🔬 Validating IR...
   ✅ IR validation passed

📊 Building dependency graph...
   ✅ 2 nodes, 1 edges
   ✅ Graph is acyclic (DAG)

📐 Topological sort...
   ✅ 2 nodes sorted

📋 Creating Build Plan...
   ✅ Build plan validated
   📊 Total phases: 2
      Phase 0: Kernel (1 nodes)
      Phase 1: Runtime (1 nodes)

⚙️  Generating code...
   ✅ Generated code saved to output/evolved_003.rs (6134 bytes)

📜 Creating Evidence...
   ✅ Evidence created and finalized

🚪 Running Finality Gate...

╔════════════════════════════════════════════╗
║           EVIDENCE REPORT                ║
╚════════════════════════════════════════════╝

Builder:      0.1.0
Timestamp:    1788805427
Spec Hash:    000002e6d79af14a
AST Hash:     0000000406d39a06
IR Hash:      0000000195fd757c
Plan Hash:    00000001755be01a
Artifact Hash: 000014d7971cf2aa
Compiler:     PASS
Tests:        10 passed, 0 failed
Formal Proof: VERIFIED
Evidence Root: 0e60ad8459f48bda
Finality:     FINALIZED


╔════════════════════════════════════════════╗
║           FINALITY GATE                  ║
╚════════════════════════════════════════════╝

Specification:      ✅ PASS
Parsing:            ✅ PASS
Semantic:           ✅ PASS
Dependency Graph:   ✅ PASS
Acyclicity:         ✅ PASS
Build Plan:         ✅ PASS
Generation:         ✅ PASS
Determinism:        ✅ PASS
Compilation:        ✅ PASS
Tests:              ✅ PASS
Formal Proof:       ✅ PASS
Evidence:           ✅ PASS
Finality:           ✅ PASS

✅ GENESIS = FINALIZED

╔════════════════════════════════════════════╗
║         🎉 GENESIS COMPLETE! 🎉          ║
║   All checks passed.                     ║
║   System is FINALIZED.                   ║
╚════════════════════════════════════════════╝

📦 VAIXLNS Builder is ready!
   📁 Spec: VAIXLNS_ROOT.lns
   📁 Output: output/evolved_003.rs
✅ Iteration 3: SUCCESSFUL
   📊 Entities: Entities:
   📊 Relations: Relations:
   📊 Phases: phases:
   📊 Bytes: output/evolved_003.rs

📊 Progress: 3/3
   ✅ Successful: 3
   ❌ Failed: 0

━━━━━━━━━━━━━━━━━━━━━━━━━━━━━━━━━━━━━━━━━━━━━━━━━━━━━━━━━━━━━━
📊 FINAL REPORT
━━━━━━━━━━━━━━━━━━━━━━━━━━━━━━━━━━━━━━━━━━━━━━━━━━━━━━━━━━━━━━

Total iterations: 3
✅ Successful: 3
❌ Failed: 0
📈 Success rate: 100%

📁 Generated files:
-rw-r--r-- 1 codespace codespace 6134 Sep  7 18:23 output/evolved_001.rs
-rw-r--r-- 1 codespace codespace 6134 Sep  7 18:23 output/evolved_002.rs
-rw-r--r-- 1 codespace codespace 6134 Sep  7 18:23 output/evolved_003.rs

✅ Continuous Evolution Complete!
